// Jest Snapshot v1, https://goo.gl/fbAQLP

exports[`Button component should render 1`] = `
<p>
  replace me 
  123
</p>
`;
